Archive member included because of file (symbol)

/usr/lib/gcc/avr/4.5.3/avr5/libgcc.a(_exit.o)
                              /usr/lib/gcc/avr/4.5.3/../../../avr/lib/avr5/crtm168.o (exit)
/usr/lib/gcc/avr/4.5.3/avr5/libgcc.a(_copy_data.o)
                              driveCommands.o (__do_copy_data)
/usr/lib/gcc/avr/4.5.3/avr5/libgcc.a(_clear_bss.o)
                              driveCommands.o (__do_clear_bss)
/usr/lib/gcc/avr/4.5.3/../../../avr/lib/avr5/libc.a(strcpy.o)
                              project2Task1.o (strcpy)
/usr/lib/gcc/avr/4.5.3/../../../avr/lib/avr5/libc.a(sprintf.o)
                              project2Task1.o (sprintf)
/usr/lib/gcc/avr/4.5.3/../../../avr/lib/avr5/libc.a(vfprintf_std.o)
                              /usr/lib/gcc/avr/4.5.3/../../../avr/lib/avr5/libc.a(sprintf.o) (vfprintf)
/usr/lib/gcc/avr/4.5.3/../../../avr/lib/avr5/libc.a(strnlen_P.o)
                              /usr/lib/gcc/avr/4.5.3/../../../avr/lib/avr5/libc.a(vfprintf_std.o) (strnlen_P)
/usr/lib/gcc/avr/4.5.3/../../../avr/lib/avr5/libc.a(strnlen.o)
                              /usr/lib/gcc/avr/4.5.3/../../../avr/lib/avr5/libc.a(vfprintf_std.o) (strnlen)
/usr/lib/gcc/avr/4.5.3/../../../avr/lib/avr5/libc.a(fputc.o)
                              /usr/lib/gcc/avr/4.5.3/../../../avr/lib/avr5/libc.a(vfprintf_std.o) (fputc)
/usr/lib/gcc/avr/4.5.3/../../../avr/lib/avr5/libc.a(ultoa_invert.o)
                              /usr/lib/gcc/avr/4.5.3/../../../avr/lib/avr5/libc.a(vfprintf_std.o) (__ultoa_invert)
/usr/lib/gcc/avr/4.5.3/avr5/libgcc.a(_prologue.o)
                              /usr/lib/gcc/avr/4.5.3/../../../avr/lib/avr5/libc.a(sprintf.o) (__prologue_saves__)
/usr/lib/gcc/avr/4.5.3/avr5/libgcc.a(_epilogue.o)
                              /usr/lib/gcc/avr/4.5.3/../../../avr/lib/avr5/libc.a(sprintf.o) (__epilogue_restores__)

Memory Configuration

Name             Origin             Length             Attributes
text             0x00000000         0x00020000         xr
data             0x00800060         0x0000ffa0         rw !x
eeprom           0x00810000         0x00010000         rw !x
fuse             0x00820000         0x00000400         rw !x
lock             0x00830000         0x00000400         rw !x
signature        0x00840000         0x00000400         rw !x
*default*        0x00000000         0xffffffff

Linker script and memory map

Address of section .data set to 0x800100
LOAD /usr/lib/gcc/avr/4.5.3/../../../avr/lib/avr5/crtm168.o
LOAD driveCommands.o
LOAD project2Task1.o
LOAD /usr/lib/gcc/avr/4.5.3/../../../avr/lib/avr5/libm.a
LOAD /usr/lib/gcc/avr/4.5.3/avr5/libgcc.a
LOAD /usr/lib/gcc/avr/4.5.3/../../../avr/lib/avr5/libc.a
LOAD /usr/lib/gcc/avr/4.5.3/avr5/libgcc.a

.hash
 *(.hash)

.dynsym
 *(.dynsym)

.dynstr
 *(.dynstr)

.gnu.version
 *(.gnu.version)

.gnu.version_d
 *(.gnu.version_d)

.gnu.version_r
 *(.gnu.version_r)

.rel.init
 *(.rel.init)

.rela.init
 *(.rela.init)

.rel.text
 *(.rel.text)
 *(.rel.text.*)
 *(.rel.gnu.linkonce.t*)

.rela.text
 *(.rela.text)
 *(.rela.text.*)
 *(.rela.gnu.linkonce.t*)

.rel.fini
 *(.rel.fini)

.rela.fini
 *(.rela.fini)

.rel.rodata
 *(.rel.rodata)
 *(.rel.rodata.*)
 *(.rel.gnu.linkonce.r*)

.rela.rodata
 *(.rela.rodata)
 *(.rela.rodata.*)
 *(.rela.gnu.linkonce.r*)

.rel.data
 *(.rel.data)
 *(.rel.data.*)
 *(.rel.gnu.linkonce.d*)

.rela.data
 *(.rela.data)
 *(.rela.data.*)
 *(.rela.gnu.linkonce.d*)

.rel.ctors
 *(.rel.ctors)

.rela.ctors
 *(.rela.ctors)

.rel.dtors
 *(.rel.dtors)

.rela.dtors
 *(.rela.dtors)

.rel.got
 *(.rel.got)

.rela.got
 *(.rela.got)

.rel.bss
 *(.rel.bss)

.rela.bss
 *(.rela.bss)

.rel.plt
 *(.rel.plt)

.rela.plt
 *(.rela.plt)

.text           0x00000000      0xd42
 *(.vectors)
 .vectors       0x00000000       0x68 /usr/lib/gcc/avr/4.5.3/../../../avr/lib/avr5/crtm168.o
                0x00000000                __vectors
                0x00000000                __vector_default
 *(.vectors)
 *(.progmem.gcc*)
 *(.progmem*)
                0x00000068                . = ALIGN (0x2)
                0x00000068                __trampolines_start = .
 *(.trampolines)
 .trampolines   0x00000068        0x0 linker stubs
 *(.trampolines*)
                0x00000068                __trampolines_end = .
 *(.jumptables)
 *(.jumptables*)
 *(.lowtext)
 *(.lowtext*)
                0x00000068                __ctors_start = .
 *(.ctors)
                0x00000068                __ctors_end = .
                0x00000068                __dtors_start = .
 *(.dtors)
                0x00000068                __dtors_end = .
 SORT(*)(.ctors)
 SORT(*)(.dtors)
 *(.init0)
 .init0         0x00000068        0x0 /usr/lib/gcc/avr/4.5.3/../../../avr/lib/avr5/crtm168.o
                0x00000068                __init
 *(.init0)
 *(.init1)
 *(.init1)
 *(.init2)
 .init2         0x00000068        0xc /usr/lib/gcc/avr/4.5.3/../../../avr/lib/avr5/crtm168.o
 *(.init2)
 *(.init3)
 *(.init3)
 *(.init4)
 .init4         0x00000074       0x16 /usr/lib/gcc/avr/4.5.3/avr5/libgcc.a(_copy_data.o)
                0x00000074                __do_copy_data
 .init4         0x0000008a       0x10 /usr/lib/gcc/avr/4.5.3/avr5/libgcc.a(_clear_bss.o)
                0x0000008a                __do_clear_bss
 *(.init4)
 *(.init5)
 *(.init5)
 *(.init6)
 *(.init6)
 *(.init7)
 *(.init7)
 *(.init8)
 *(.init8)
 *(.init9)
 .init9         0x0000009a        0x8 /usr/lib/gcc/avr/4.5.3/../../../avr/lib/avr5/crtm168.o
 *(.init9)
 *(.text)
 .text          0x000000a2        0x4 /usr/lib/gcc/avr/4.5.3/../../../avr/lib/avr5/crtm168.o
                0x000000a2                __vector_22
                0x000000a2                __vector_1
                0x000000a2                __vector_24
                0x000000a2                __vector_12
                0x000000a2                __bad_interrupt
                0x000000a2                __vector_6
                0x000000a2                __vector_3
                0x000000a2                __vector_23
                0x000000a2                __vector_25
                0x000000a2                __vector_13
                0x000000a2                __vector_17
                0x000000a2                __vector_19
                0x000000a2                __vector_7
                0x000000a2                __vector_5
                0x000000a2                __vector_4
                0x000000a2                __vector_9
                0x000000a2                __vector_2
                0x000000a2                __vector_21
                0x000000a2                __vector_15
                0x000000a2                __vector_8
                0x000000a2                __vector_14
                0x000000a2                __vector_10
                0x000000a2                __vector_16
                0x000000a2                __vector_18
                0x000000a2                __vector_20
 .text          0x000000a6      0x476 driveCommands.o
                0x000000a6                setupRightLED
                0x000000aa                rightLEDOn
                0x000000ae                rightLEDOff
                0x000000b2                setupLeftLED
                0x000000b6                leftLEDOn
                0x000000ba                leftLEDOff
                0x000000be                setupTimer
                0x000000dc                delayMs
                0x000000f4                __vector_11
                0x0000015a                setupSerialPort
                0x00000174                byteTx
                0x00000182                byteRx
                0x00000190                byteRx16
                0x000001ae                driveStraight
                0x000001d4                stop
                0x000001f4                turnClockwise
                0x0000021a                turnCounterClockwise
                0x00000240                waitTime
                0x00000254                waitEvent
                0x00000268                driveStraightTime
                0x0000027e                turnCCWTime
                0x00000294                turnCWTime
                0x000002aa                setSerialDestination
                0x000002cc                bumpTrigger
                0x000002f6                cliffTrigger
                0x00000352                dropTrigger
                0x00000386                getRemote
                0x0000039a                print
                0x000003c8                sendSensors
                0x000003fa                getSensors
                0x00000478                createRedLED
                0x00000492                initialize
                0x000004b4                createOrangeLED
                0x000004ce                checkTurn
                0x000004ee                checkForward
 .text          0x0000051c      0x252 project2Task1.o
                0x0000051c                main
 .text          0x0000076e        0x0 /usr/lib/gcc/avr/4.5.3/avr5/libgcc.a(_exit.o)
 .text          0x0000076e        0x0 /usr/lib/gcc/avr/4.5.3/avr5/libgcc.a(_copy_data.o)
 .text          0x0000076e        0x0 /usr/lib/gcc/avr/4.5.3/avr5/libgcc.a(_clear_bss.o)
 .text          0x0000076e        0x0 /usr/lib/gcc/avr/4.5.3/../../../avr/lib/avr5/libc.a(strcpy.o)
 .text          0x0000076e        0x0 /usr/lib/gcc/avr/4.5.3/../../../avr/lib/avr5/libc.a(sprintf.o)
 .text          0x0000076e        0x0 /usr/lib/gcc/avr/4.5.3/../../../avr/lib/avr5/libc.a(vfprintf_std.o)
 .text          0x0000076e        0x0 /usr/lib/gcc/avr/4.5.3/../../../avr/lib/avr5/libc.a(strnlen_P.o)
 .text          0x0000076e        0x0 /usr/lib/gcc/avr/4.5.3/../../../avr/lib/avr5/libc.a(strnlen.o)
 .text          0x0000076e        0x0 /usr/lib/gcc/avr/4.5.3/../../../avr/lib/avr5/libc.a(fputc.o)
 .text          0x0000076e        0x0 /usr/lib/gcc/avr/4.5.3/../../../avr/lib/avr5/libc.a(ultoa_invert.o)
 .text          0x0000076e        0x0 /usr/lib/gcc/avr/4.5.3/avr5/libgcc.a(_prologue.o)
 .text          0x0000076e        0x0 /usr/lib/gcc/avr/4.5.3/avr5/libgcc.a(_epilogue.o)
                0x0000076e                . = ALIGN (0x2)
 *(.text.*)
 .text.libgcc   0x0000076e        0x0 /usr/lib/gcc/avr/4.5.3/avr5/libgcc.a(_exit.o)
 .text.libgcc   0x0000076e        0x0 /usr/lib/gcc/avr/4.5.3/avr5/libgcc.a(_copy_data.o)
 .text.libgcc   0x0000076e        0x0 /usr/lib/gcc/avr/4.5.3/avr5/libgcc.a(_clear_bss.o)
 .text.avr-libc
                0x0000076e        0xe /usr/lib/gcc/avr/4.5.3/../../../avr/lib/avr5/libc.a(strcpy.o)
                0x0000076e                strcpy
 .text.avr-libc
                0x0000077c       0x46 /usr/lib/gcc/avr/4.5.3/../../../avr/lib/avr5/libc.a(sprintf.o)
                0x0000077c                sprintf
 .text.avr-libc
                0x000007c2      0x3ce /usr/lib/gcc/avr/4.5.3/../../../avr/lib/avr5/libc.a(vfprintf_std.o)
                0x000007c2                vfprintf
 .text.avr-libc
                0x00000b90       0x16 /usr/lib/gcc/avr/4.5.3/../../../avr/lib/avr5/libc.a(strnlen_P.o)
                0x00000b90                strnlen_P
 .text.avr-libc
                0x00000ba6       0x16 /usr/lib/gcc/avr/4.5.3/../../../avr/lib/avr5/libc.a(strnlen.o)
                0x00000ba6                strnlen
 .text.avr-libc
                0x00000bbc       0x58 /usr/lib/gcc/avr/4.5.3/../../../avr/lib/avr5/libc.a(fputc.o)
                0x00000bbc                fputc
 .text.avr-libc
                0x00000c14       0xbc /usr/lib/gcc/avr/4.5.3/../../../avr/lib/avr5/libc.a(ultoa_invert.o)
                0x00000c14                __ultoa_invert
 .text.libgcc   0x00000cd0       0x38 /usr/lib/gcc/avr/4.5.3/avr5/libgcc.a(_prologue.o)
                0x00000cd0                __prologue_saves__
 .text.libgcc   0x00000d08       0x36 /usr/lib/gcc/avr/4.5.3/avr5/libgcc.a(_epilogue.o)
                0x00000d08                __epilogue_restores__
                0x00000d3e                . = ALIGN (0x2)
 *(.fini9)
 .fini9         0x00000d3e        0x0 /usr/lib/gcc/avr/4.5.3/avr5/libgcc.a(_exit.o)
                0x00000d3e                exit
                0x00000d3e                _exit
 *(.fini9)
 *(.fini8)
 *(.fini8)
 *(.fini7)
 *(.fini7)
 *(.fini6)
 *(.fini6)
 *(.fini5)
 *(.fini5)
 *(.fini4)
 *(.fini4)
 *(.fini3)
 *(.fini3)
 *(.fini2)
 *(.fini2)
 *(.fini1)
 *(.fini1)
 *(.fini0)
 .fini0         0x00000d3e        0x4 /usr/lib/gcc/avr/4.5.3/avr5/libgcc.a(_exit.o)
 *(.fini0)
                0x00000d42                _etext = .

.data           0x00800100       0xd6 load address 0x00000d42
                0x00800100                PROVIDE (__data_start, .)
 *(.data)
 .data          0x00800100        0x0 /usr/lib/gcc/avr/4.5.3/../../../avr/lib/avr5/crtm168.o
 .data          0x00800100        0x2 driveCommands.o
                0x00800100                responseTimer
 .data          0x00800102       0xd3 project2Task1.o
 .data          0x008001d5        0x0 /usr/lib/gcc/avr/4.5.3/avr5/libgcc.a(_exit.o)
 .data          0x008001d5        0x0 /usr/lib/gcc/avr/4.5.3/avr5/libgcc.a(_copy_data.o)
 .data          0x008001d5        0x0 /usr/lib/gcc/avr/4.5.3/avr5/libgcc.a(_clear_bss.o)
 .data          0x008001d5        0x0 /usr/lib/gcc/avr/4.5.3/../../../avr/lib/avr5/libc.a(strcpy.o)
 .data          0x008001d5        0x0 /usr/lib/gcc/avr/4.5.3/../../../avr/lib/avr5/libc.a(sprintf.o)
 .data          0x008001d5        0x0 /usr/lib/gcc/avr/4.5.3/../../../avr/lib/avr5/libc.a(vfprintf_std.o)
 .data          0x008001d5        0x0 /usr/lib/gcc/avr/4.5.3/../../../avr/lib/avr5/libc.a(strnlen_P.o)
 .data          0x008001d5        0x0 /usr/lib/gcc/avr/4.5.3/../../../avr/lib/avr5/libc.a(strnlen.o)
 .data          0x008001d5        0x0 /usr/lib/gcc/avr/4.5.3/../../../avr/lib/avr5/libc.a(fputc.o)
 .data          0x008001d5        0x0 /usr/lib/gcc/avr/4.5.3/../../../avr/lib/avr5/libc.a(ultoa_invert.o)
 .data          0x008001d5        0x0 /usr/lib/gcc/avr/4.5.3/avr5/libgcc.a(_prologue.o)
 .data          0x008001d5        0x0 /usr/lib/gcc/avr/4.5.3/avr5/libgcc.a(_epilogue.o)
 *(.data*)
 *(.rodata)
 *(.rodata*)
 *(.gnu.linkonce.d*)
                0x008001d6                . = ALIGN (0x2)
 *fill*         0x008001d5        0x1 00
                0x008001d6                _edata = .
                0x008001d6                PROVIDE (__data_end, .)

.bss            0x008001d6        0x3
                0x008001d6                PROVIDE (__bss_start, .)
 *(.bss)
 .bss           0x008001d6        0x0 /usr/lib/gcc/avr/4.5.3/../../../avr/lib/avr5/crtm168.o
 .bss           0x008001d6        0x3 driveCommands.o
                0x008001d6                timerCount
                0x008001d8                timerRunning
 .bss           0x008001d9        0x0 project2Task1.o
 .bss           0x008001d9        0x0 /usr/lib/gcc/avr/4.5.3/avr5/libgcc.a(_exit.o)
 .bss           0x008001d9        0x0 /usr/lib/gcc/avr/4.5.3/avr5/libgcc.a(_copy_data.o)
 .bss           0x008001d9        0x0 /usr/lib/gcc/avr/4.5.3/avr5/libgcc.a(_clear_bss.o)
 .bss           0x008001d9        0x0 /usr/lib/gcc/avr/4.5.3/../../../avr/lib/avr5/libc.a(strcpy.o)
 .bss           0x008001d9        0x0 /usr/lib/gcc/avr/4.5.3/../../../avr/lib/avr5/libc.a(sprintf.o)
 .bss           0x008001d9        0x0 /usr/lib/gcc/avr/4.5.3/../../../avr/lib/avr5/libc.a(vfprintf_std.o)
 .bss           0x008001d9        0x0 /usr/lib/gcc/avr/4.5.3/../../../avr/lib/avr5/libc.a(strnlen_P.o)
 .bss           0x008001d9        0x0 /usr/lib/gcc/avr/4.5.3/../../../avr/lib/avr5/libc.a(strnlen.o)
 .bss           0x008001d9        0x0 /usr/lib/gcc/avr/4.5.3/../../../avr/lib/avr5/libc.a(fputc.o)
 .bss           0x008001d9        0x0 /usr/lib/gcc/avr/4.5.3/../../../avr/lib/avr5/libc.a(ultoa_invert.o)
 .bss           0x008001d9        0x0 /usr/lib/gcc/avr/4.5.3/avr5/libgcc.a(_prologue.o)
 .bss           0x008001d9        0x0 /usr/lib/gcc/avr/4.5.3/avr5/libgcc.a(_epilogue.o)
 *(.bss*)
 *(COMMON)
                0x008001d9                PROVIDE (__bss_end, .)
                0x00000d42                __data_load_start = LOADADDR (.data)
                0x00000e18                __data_load_end = (__data_load_start + SIZEOF (.data))

.noinit         0x008001d9        0x0
                0x008001d9                PROVIDE (__noinit_start, .)
 *(.noinit*)
                0x008001d9                PROVIDE (__noinit_end, .)
                0x008001d9                _end = .
                0x008001d9                PROVIDE (__heap_start, .)

.eeprom         0x00810000        0x0
 *(.eeprom*)
                0x00810000                __eeprom_end = .

.fuse
 *(.fuse)
 *(.lfuse)
 *(.hfuse)
 *(.efuse)

.lock
 *(.lock*)

.signature
 *(.signature*)

.stab           0x00000000     0x1d94
 *(.stab)
 .stab          0x00000000      0x6cc /usr/lib/gcc/avr/4.5.3/../../../avr/lib/avr5/crtm168.o
 .stab          0x000006cc       0x6c /usr/lib/gcc/avr/4.5.3/../../../avr/lib/avr5/libc.a(strcpy.o)
                                 0x78 (size before relaxing)
 .stab          0x00000738      0x3cc /usr/lib/gcc/avr/4.5.3/../../../avr/lib/avr5/libc.a(sprintf.o)
                                0x3d8 (size before relaxing)
 .stab          0x00000b04      0xaf8 /usr/lib/gcc/avr/4.5.3/../../../avr/lib/avr5/libc.a(vfprintf_std.o)
                                0xcd8 (size before relaxing)
 .stab          0x000015fc       0x9c /usr/lib/gcc/avr/4.5.3/../../../avr/lib/avr5/libc.a(strnlen_P.o)
                                 0xa8 (size before relaxing)
 .stab          0x00001698       0x9c /usr/lib/gcc/avr/4.5.3/../../../avr/lib/avr5/libc.a(strnlen.o)
                                 0xa8 (size before relaxing)
 .stab          0x00001734      0x1e0 /usr/lib/gcc/avr/4.5.3/../../../avr/lib/avr5/libc.a(fputc.o)
                                0x3c0 (size before relaxing)
 .stab          0x00001914      0x480 /usr/lib/gcc/avr/4.5.3/../../../avr/lib/avr5/libc.a(ultoa_invert.o)
                                0x48c (size before relaxing)

.stabstr        0x00000000      0xcb2
 *(.stabstr)
 .stabstr       0x00000000      0xcb2 /usr/lib/gcc/avr/4.5.3/../../../avr/lib/avr5/crtm168.o

.stab.excl
 *(.stab.excl)

.stab.exclstr
 *(.stab.exclstr)

.stab.index
 *(.stab.index)

.stab.indexstr
 *(.stab.indexstr)

.comment
 *(.comment)

.debug
 *(.debug)

.line
 *(.line)

.debug_srcinfo
 *(.debug_srcinfo)

.debug_sfnames
 *(.debug_sfnames)

.debug_aranges  0x00000000       0x40
 *(.debug_aranges)
 .debug_aranges
                0x00000000       0x20 driveCommands.o
 .debug_aranges
                0x00000020       0x20 project2Task1.o

.debug_pubnames
                0x00000000      0x28a
 *(.debug_pubnames)
 .debug_pubnames
                0x00000000      0x26f driveCommands.o
 .debug_pubnames
                0x0000026f       0x1b project2Task1.o

.debug_info     0x00000000      0x797
 *(.debug_info)
 .debug_info    0x00000000      0x647 driveCommands.o
 .debug_info    0x00000647      0x150 project2Task1.o
 *(.gnu.linkonce.wi.*)

.debug_abbrev   0x00000000      0x297
 *(.debug_abbrev)
 .debug_abbrev  0x00000000      0x1c9 driveCommands.o
 .debug_abbrev  0x000001c9       0xce project2Task1.o

.debug_line     0x00000000      0x8ad
 *(.debug_line)
 .debug_line    0x00000000      0x741 driveCommands.o
 .debug_line    0x00000741      0x16c project2Task1.o

.debug_frame    0x00000000      0x260
 *(.debug_frame)
 .debug_frame   0x00000000      0x240 driveCommands.o
 .debug_frame   0x00000240       0x20 project2Task1.o

.debug_str      0x00000000      0x2dd
 *(.debug_str)
 .debug_str     0x00000000      0x2b7 driveCommands.o
                                0x2f0 (size before relaxing)
 .debug_str     0x000002b7       0x26 project2Task1.o
                                 0xf5 (size before relaxing)

.debug_loc      0x00000000      0x32b
 *(.debug_loc)
 .debug_loc     0x00000000      0x32b driveCommands.o

.debug_macinfo
 *(.debug_macinfo)
OUTPUT(project2Task1.elf elf32-avr)
LOAD linker stubs

.debug_pubtypes
                0x00000000       0x4a
 .debug_pubtypes
                0x00000000       0x2b driveCommands.o
 .debug_pubtypes
                0x0000002b       0x1f project2Task1.o

.debug_ranges   0x00000000       0x18
 .debug_ranges  0x00000000       0x18 project2Task1.o

Cross Reference Table

Symbol                                            File
__bad_interrupt                                   /usr/lib/gcc/avr/4.5.3/../../../avr/lib/avr5/crtm168.o
__bss_end                                         /usr/lib/gcc/avr/4.5.3/avr5/libgcc.a(_clear_bss.o)
__bss_start                                       /usr/lib/gcc/avr/4.5.3/avr5/libgcc.a(_clear_bss.o)
__data_end                                        /usr/lib/gcc/avr/4.5.3/avr5/libgcc.a(_copy_data.o)
__data_load_start                                 /usr/lib/gcc/avr/4.5.3/avr5/libgcc.a(_copy_data.o)
__data_start                                      /usr/lib/gcc/avr/4.5.3/avr5/libgcc.a(_copy_data.o)
__do_clear_bss                                    /usr/lib/gcc/avr/4.5.3/avr5/libgcc.a(_clear_bss.o)
                                                  driveCommands.o
__do_copy_data                                    /usr/lib/gcc/avr/4.5.3/avr5/libgcc.a(_copy_data.o)
                                                  project2Task1.o
                                                  driveCommands.o
__epilogue_restores__                             /usr/lib/gcc/avr/4.5.3/avr5/libgcc.a(_epilogue.o)
                                                  /usr/lib/gcc/avr/4.5.3/../../../avr/lib/avr5/libc.a(vfprintf_std.o)
                                                  /usr/lib/gcc/avr/4.5.3/../../../avr/lib/avr5/libc.a(sprintf.o)
__heap_end                                        /usr/lib/gcc/avr/4.5.3/../../../avr/lib/avr5/crtm168.o
__init                                            /usr/lib/gcc/avr/4.5.3/../../../avr/lib/avr5/crtm168.o
__prologue_saves__                                /usr/lib/gcc/avr/4.5.3/avr5/libgcc.a(_prologue.o)
                                                  /usr/lib/gcc/avr/4.5.3/../../../avr/lib/avr5/libc.a(vfprintf_std.o)
                                                  /usr/lib/gcc/avr/4.5.3/../../../avr/lib/avr5/libc.a(sprintf.o)
__stack                                           /usr/lib/gcc/avr/4.5.3/../../../avr/lib/avr5/crtm168.o
__ultoa_invert                                    /usr/lib/gcc/avr/4.5.3/../../../avr/lib/avr5/libc.a(ultoa_invert.o)
                                                  /usr/lib/gcc/avr/4.5.3/../../../avr/lib/avr5/libc.a(vfprintf_std.o)
__vector_1                                        /usr/lib/gcc/avr/4.5.3/../../../avr/lib/avr5/crtm168.o
__vector_10                                       /usr/lib/gcc/avr/4.5.3/../../../avr/lib/avr5/crtm168.o
__vector_11                                       driveCommands.o
                                                  /usr/lib/gcc/avr/4.5.3/../../../avr/lib/avr5/crtm168.o
__vector_12                                       /usr/lib/gcc/avr/4.5.3/../../../avr/lib/avr5/crtm168.o
__vector_13                                       /usr/lib/gcc/avr/4.5.3/../../../avr/lib/avr5/crtm168.o
__vector_14                                       /usr/lib/gcc/avr/4.5.3/../../../avr/lib/avr5/crtm168.o
__vector_15                                       /usr/lib/gcc/avr/4.5.3/../../../avr/lib/avr5/crtm168.o
__vector_16                                       /usr/lib/gcc/avr/4.5.3/../../../avr/lib/avr5/crtm168.o
__vector_17                                       /usr/lib/gcc/avr/4.5.3/../../../avr/lib/avr5/crtm168.o
__vector_18                                       /usr/lib/gcc/avr/4.5.3/../../../avr/lib/avr5/crtm168.o
__vector_19                                       /usr/lib/gcc/avr/4.5.3/../../../avr/lib/avr5/crtm168.o
__vector_2                                        /usr/lib/gcc/avr/4.5.3/../../../avr/lib/avr5/crtm168.o
__vector_20                                       /usr/lib/gcc/avr/4.5.3/../../../avr/lib/avr5/crtm168.o
__vector_21                                       /usr/lib/gcc/avr/4.5.3/../../../avr/lib/avr5/crtm168.o
__vector_22                                       /usr/lib/gcc/avr/4.5.3/../../../avr/lib/avr5/crtm168.o
__vector_23                                       /usr/lib/gcc/avr/4.5.3/../../../avr/lib/avr5/crtm168.o
__vector_24                                       /usr/lib/gcc/avr/4.5.3/../../../avr/lib/avr5/crtm168.o
__vector_25                                       /usr/lib/gcc/avr/4.5.3/../../../avr/lib/avr5/crtm168.o
__vector_3                                        /usr/lib/gcc/avr/4.5.3/../../../avr/lib/avr5/crtm168.o
__vector_4                                        /usr/lib/gcc/avr/4.5.3/../../../avr/lib/avr5/crtm168.o
__vector_5                                        /usr/lib/gcc/avr/4.5.3/../../../avr/lib/avr5/crtm168.o
__vector_6                                        /usr/lib/gcc/avr/4.5.3/../../../avr/lib/avr5/crtm168.o
__vector_7                                        /usr/lib/gcc/avr/4.5.3/../../../avr/lib/avr5/crtm168.o
__vector_8                                        /usr/lib/gcc/avr/4.5.3/../../../avr/lib/avr5/crtm168.o
__vector_9                                        /usr/lib/gcc/avr/4.5.3/../../../avr/lib/avr5/crtm168.o
__vector_default                                  /usr/lib/gcc/avr/4.5.3/../../../avr/lib/avr5/crtm168.o
__vectors                                         /usr/lib/gcc/avr/4.5.3/../../../avr/lib/avr5/crtm168.o
_exit                                             /usr/lib/gcc/avr/4.5.3/avr5/libgcc.a(_exit.o)
bumpTrigger                                       driveCommands.o
byteRx                                            driveCommands.o
byteRx16                                          driveCommands.o
byteTx                                            driveCommands.o
checkForward                                      driveCommands.o
checkTurn                                         driveCommands.o
cliffTrigger                                      driveCommands.o
createOrangeLED                                   driveCommands.o
createRedLED                                      driveCommands.o
delayMs                                           driveCommands.o
driveStraight                                     driveCommands.o
driveStraightTime                                 driveCommands.o
dropTrigger                                       driveCommands.o
exit                                              /usr/lib/gcc/avr/4.5.3/avr5/libgcc.a(_exit.o)
                                                  /usr/lib/gcc/avr/4.5.3/../../../avr/lib/avr5/crtm168.o
fputc                                             /usr/lib/gcc/avr/4.5.3/../../../avr/lib/avr5/libc.a(fputc.o)
                                                  /usr/lib/gcc/avr/4.5.3/../../../avr/lib/avr5/libc.a(vfprintf_std.o)
getRemote                                         driveCommands.o
getSensors                                        driveCommands.o
                                                  project2Task1.o
initialize                                        driveCommands.o
                                                  project2Task1.o
leftLEDOff                                        driveCommands.o
leftLEDOn                                         driveCommands.o
main                                              project2Task1.o
                                                  /usr/lib/gcc/avr/4.5.3/../../../avr/lib/avr5/crtm168.o
print                                             driveCommands.o
                                                  project2Task1.o
responseTimer                                     driveCommands.o
                                                  project2Task1.o
rightLEDOff                                       driveCommands.o
rightLEDOn                                        driveCommands.o
sendSensors                                       driveCommands.o
                                                  project2Task1.o
setSerialDestination                              driveCommands.o
                                                  project2Task1.o
setupLeftLED                                      driveCommands.o
setupRightLED                                     driveCommands.o
setupSerialPort                                   driveCommands.o
setupTimer                                        driveCommands.o
sprintf                                           /usr/lib/gcc/avr/4.5.3/../../../avr/lib/avr5/libc.a(sprintf.o)
                                                  project2Task1.o
stop                                              driveCommands.o
strcpy                                            /usr/lib/gcc/avr/4.5.3/../../../avr/lib/avr5/libc.a(strcpy.o)
                                                  project2Task1.o
strnlen                                           /usr/lib/gcc/avr/4.5.3/../../../avr/lib/avr5/libc.a(strnlen.o)
                                                  /usr/lib/gcc/avr/4.5.3/../../../avr/lib/avr5/libc.a(vfprintf_std.o)
strnlen_P                                         /usr/lib/gcc/avr/4.5.3/../../../avr/lib/avr5/libc.a(strnlen_P.o)
                                                  /usr/lib/gcc/avr/4.5.3/../../../avr/lib/avr5/libc.a(vfprintf_std.o)
timerCount                                        driveCommands.o
timerRunning                                      driveCommands.o
turnCCWTime                                       driveCommands.o
turnCWTime                                        driveCommands.o
turnClockwise                                     driveCommands.o
turnCounterClockwise                              driveCommands.o
vfprintf                                          /usr/lib/gcc/avr/4.5.3/../../../avr/lib/avr5/libc.a(vfprintf_std.o)
                                                  /usr/lib/gcc/avr/4.5.3/../../../avr/lib/avr5/libc.a(sprintf.o)
waitEvent                                         driveCommands.o
waitTime                                          driveCommands.o
